../Core/Src/breakout.c:26:13:draw_paddle	16	static
../Core/Src/breakout.c:30:13:clear_paddle	16	static
../Core/Src/breakout.c:34:13:draw_ball	16	static
../Core/Src/breakout.c:38:13:clear_ball	16	static
../Core/Src/breakout.c:42:13:draw_bricks	24	static
../Core/Src/breakout.c:51:6:play_brick_sound	8	static
../Core/Src/breakout.c:54:6:play_edge_sound	8	static
../Core/Src/breakout.c:57:6:play_paddle_sound	8	static
../Core/Src/breakout.c:65:6:breakout_win_sound	16	static
../Core/Src/breakout.c:71:6:breakout_gameover_sound	16	static
../Core/Src/breakout.c:78:6:breakout_init	32	static
../Core/Src/breakout.c:108:6:breakout_play	32	static
../Core/Src/breakout.c:145:5:breakout_update	24	static
../Core/Src/breakout.c:230:6:breakout_won	16	static
../Core/Src/breakout.c:237:6:breakout_game_over	16	static
../Core/Src/breakout.c:244:6:breakout_draw	8	static
