../Core/Src/carrace.c:22:6:carrace_init	8	static
../Core/Src/carrace.c:39:6:carrace_draw_menu	64	static
../Core/Src/carrace.c:58:6:carrace_wait_start	16	static
../Core/Src/carrace.c:69:6:draw_car	32	static
../Core/Src/carrace.c:121:6:carrace_update	56	static
../Core/Src/carrace.c:254:6:draw_race_track	280	static
../Core/Src/carrace.c:306:6:init_track_borders	248	static
../Core/Src/carrace.c:333:6:line_rect_collision	40	static
../Core/Src/carrace.c:376:6:check_car_track_collision	64	static
../Core/Src/carrace.c:466:6:carrace_play	16	static
../Core/Src/carrace.c:508:6:redraw_track_borders_in_area	64	static
../Core/Src/carrace.c:545:6:check_car_finish_line	32	static
../Core/Src/carrace.c:570:6:carrace_draw_winner_symbols	56	static
../Core/Src/carrace.c:593:5:carrace_handle_winner_input	24	static
../Core/Src/carrace.c:632:6:carrace_show_winner_screen	72	static
../Core/Src/carrace.c:671:5:carrace_wait_restart	8	static
../Core/Src/carrace.c:675:6:carrace_play_winner_sound	24	static
../Core/Src/carrace.c:684:13:carrace_play_tone	24	static
../Core/Src/carrace.c:709:6:lcd_fill_circle	32	static
../Core/Src/carrace.c:720:6:carrace_traffic_light_sequence	32	static
