../Core/Src/game1942.c:44:6:game1942_init	24	static
../Core/Src/game1942.c:92:6:game1942_play	24	static
../Core/Src/game1942.c:123:13:rects_overlap	24	static
../Core/Src/game1942.c:128:6:game1942_update	128	static
../Core/Src/game1942.c:262:6:game1942_draw	8	static
../Core/Src/game1942.c:272:6:game1942_clear_previous	8	static
../Core/Src/game1942.c:284:6:player_update	24	static
../Core/Src/game1942.c:333:6:player_draw	32	static
../Core/Src/game1942.c:364:6:player_clear	32	static
../Core/Src/game1942.c:393:6:player_fire	32	static
../Core/Src/game1942.c:431:6:bullets_update	24	static
../Core/Src/game1942.c:451:6:bullets_draw	24	static
../Core/Src/game1942.c:466:6:bullets_clear	24	static
../Core/Src/game1942.c:489:6:enemies_init	16	static
../Core/Src/game1942.c:497:6:spawn_enemy_formation	48	static
../Core/Src/game1942.c:541:6:enemies_spawn	16	static
../Core/Src/game1942.c:550:6:enemies_update	48	static
../Core/Src/game1942.c:644:6:enemies_draw	40	static
../Core/Src/game1942.c:664:6:clear_enemy_shape	48	static
../Core/Src/game1942.c:685:6:enemies_clear	16	static
../Core/Src/game1942.c:693:6:init_ui	56	static
../Core/Src/game1942.c:712:6:draw_game_over	48	static
../Core/Src/game1942.c:732:6:play_bullet_fire_sound	8	static
../Core/Src/game1942.c:740:6:enemy_bullets_update	40	static
../Core/Src/game1942.c:778:6:player_explosion_effect	112	static
../Core/Src/game1942.c:839:6:short_explosion_effect	48	static
