../Core/Src/joystick.c:18:6:Joystick_Init	4	static
../Core/Src/joystick.c:23:6:HAL_ADC_ConvCpltCallback	16	static
../Core/Src/joystick.c:30:6:Joystick_StartConversion	8	static
../Core/Src/joystick.c:36:6:Joystick_WaitAndStopConversion	16	static
../Core/Src/joystick.c:47:6:Joystick_GetRawValues	24	static
../Core/Src/joystick.c:61:5:Joystick_ReadDirection	24	static
../Core/Src/joystick.c:89:6:Joystick_ReadButton	16	static
../Core/Src/joystick.c:97:6:Joystick_ReadBothDirections	24	static
../Core/Src/joystick.c:130:6:Joystick_ReadAllValues	24	static
