../Core/Src/main.c:80:5:main	8	static
../Core/Src/main.c:136:6:SystemClock_Config	88	static
../Core/Src/main.c:184:13:MX_ADC1_Init	24	static
../Core/Src/main.c:263:13:MX_RTC_Init	32	static
../Core/Src/main.c:326:13:MX_SPI1_Init	8	static
../Core/Src/main.c:364:13:MX_TIM3_Init	64	static
../Core/Src/main.c:423:13:MX_USART2_UART_Init	8	static
../Core/Src/main.c:454:13:MX_DMA_Init	16	static
../Core/Src/main.c:472:13:MX_GPIO_Init	40	static
../Core/Src/main.c:530:6:Error_Handler	4	static,ignoring_inline_asm
