../Core/Src/pong.c:73:13:pong_play_tone	24	static
../Core/Src/pong.c:97:6:playPongSound	24	static
../Core/Src/pong.c:107:6:pongSound_start	8	static
../Core/Src/pong.c:122:6:pongSound_stop	8	static
../Core/Src/pong.c:129:6:pongSound_update	24	static
../Core/Src/pong.c:178:6:WaitUntil	24	static
../Core/Src/pong.c:184:13:draw_paddle	24	static
../Core/Src/pong.c:188:13:clear_paddle	24	static
../Core/Src/pong.c:192:13:draw_ball	16	static
../Core/Src/pong.c:196:13:clear_ball	16	static
../Core/Src/pong.c:200:13:draw_center_line	24	static
../Core/Src/pong.c:207:6:pong_draw_score	40	static
../Core/Src/pong.c:225:6:pong_reset_ball	8	static
../Core/Src/pong.c:236:6:pong_reset_paddles	8	static
../Core/Src/pong.c:252:6:pong_clear_paddle_lines	16	static
../Core/Src/pong.c:260:6:pong_init	8	static
../Core/Src/pong.c:292:6:pong_play	48	static
../Core/Src/pong.c:332:5:pong_update	48	static
../Core/Src/pong.c:455:6:pong_game_over	56	static
../Core/Src/pong.c:480:6:pong_draw	8	static
../Core/Src/pong.c:516:6:pongSound_playScore	24	static
../Core/Src/pong.c:534:6:pongSound_playWinner	24	static
