../Core/Src/snake.c:15:6:snake_init	8	static
../Core/Src/snake.c:30:6:snake_reset_game	24	static
../Core/Src/snake.c:57:6:snake_draw_border	32	static
../Core/Src/snake.c:65:6:snake_draw_cell	40	static
../Core/Src/snake.c:74:6:snake_draw_apple	48	static
../Core/Src/snake.c:107:6:snake_draw_game	16	static
../Core/Src/snake.c:118:6:snake_spawn_apple	24	static
../Core/Src/snake.c:142:6:snake_check_collision	16	static
../Core/Src/snake.c:160:6:snake_check_apple_collision	4	static
../Core/Src/snake.c:168:6:snake_handle_input	24	static
../Core/Src/snake.c:202:6:snake_move	24	static
../Core/Src/snake.c:266:6:snake_update	8	static
../Core/Src/snake.c:274:6:snake_show_game_over	48	static
../Core/Src/snake.c:317:6:snake_show_menu	56	static
../Core/Src/snake.c:346:6:snake_wait_for_start	8	static
../Core/Src/snake.c:370:6:snake_play	8	static
