../Core/Src/tetris.c:61:6:tetris_init	8	static
../Core/Src/tetris.c:67:6:tetris_reset_game	16	static
../Core/Src/tetris.c:98:6:tetris_play	64	static
../Core/Src/tetris.c:187:6:tetris_spawn_piece	8	static
../Core/Src/tetris.c:199:6:tetris_can_move	56	static
../Core/Src/tetris.c:226:6:tetris_move_piece	16	static
../Core/Src/tetris.c:244:6:tetris_rotate_piece	16	static
../Core/Src/tetris.c:263:6:tetris_lock_piece	24	static
../Core/Src/tetris.c:280:6:tetris_clear_lines	80	static
../Core/Src/tetris.c:380:6:tetris_handle_input	64	static
../Core/Src/tetris.c:413:6:tetris_get_piece_template	32	static
../Core/Src/tetris.c:424:10:tetris_get_piece_color	16	static
../Core/Src/tetris.c:438:6:tetris_draw_border	16	static
../Core/Src/tetris.c:452:6:tetris_draw_ui_labels	16	static
../Core/Src/tetris.c:460:6:tetris_draw_ui_values	48	static
../Core/Src/tetris.c:482:6:tetris_erase_piece	40	static
../Core/Src/tetris.c:508:6:tetris_draw_field	24	static
../Core/Src/tetris.c:527:6:tetris_draw_piece	32	static
../Core/Src/tetris.c:546:6:tetris_draw_next_piece	40	static
../Core/Src/tetris.c:568:6:tetris_draw_block	32	static
../Core/Src/tetris.c:577:6:tetris_check_game_over	16	static
